[unvab.com/snow-free-html/index.html]
[backblue.gif]
[fade.gif]
[index.html]
[unvab.com/snow-free-html/assets/images/favicon.png]
[unvab.com/snow-free-html/assets/css/combined.css]
[www.google-analytics.com/analytics.js]
[pagead2.googlesyndication.com/pagead/js/f.txt]
[unvab.com/snow-free-html/index-2.html]
[unvab.com/snow-free-html/portfolio.html]
[unvab.com/snow-free-html/assets/images/bg-menu.jpg]
[unvab.com/snow-free-html/blog.html]
[unvab.com/snow-free-html/assets/images/home-7.jpg]
[unvab.com/snow-free-html/assets/images/about-me-signature.png]
[unvab.com/snow-free-html/assets/images/bg-pattern.jpg]
[unvab.com/snow-free-html/portfolio-single.html]
[unvab.com/snow-free-html/assets/images/portfolio-7-sm.jpg]
[unvab.com/snow-free-html/assets/images/portfolio-4-sm.jpg]
[unvab.com/snow-free-html/assets/images/portfolio-5-sm.jpg]
[unvab.com/snow-free-html/assets/images/portfolio-9-sm.jpg]
[unvab.com/snow-free-html/assets/images/portfolio-3-sm.jpg]
[unvab.com/snow-free-html/assets/images/portfolio-8-sm.jpg]
[unvab.com/snow-free-html/assets/images/portfolio-2-sm.jpg]
[unvab.com/snow-free-html/assets/images/portfolio-6-sm.jpg]
[unvab.com/snow-free-html/assets/images/portfolio-12-sm.jpg]
[unvab.com/snow-free-html/assets/images/partner-logo-1-dark.png]
[unvab.com/snow-free-html/assets/images/partner-logo-2-dark.png]
[unvab.com/snow-free-html/assets/images/partner-logo-3-dark.png]
[unvab.com/snow-free-html/assets/images/partner-logo-4-dark.png]
[unvab.com/snow-free-html/assets/images/partner-logo-5-dark.png]
[unvab.com/snow-free-html/assets/images/partner-logo-6-dark.png]
[unvab.com/snow-free-html/assets/images/partner-logo-7-dark.png]
[unvab.com/snow-free-html/assets/images/partner-logo-8-dark.png]
[unvab.com/snow-free-html/blog-single.html]
[unvab.com/snow-free-html/assets/images/post-1-mid.jpg]
[unvab.com/snow-free-html/assets/images/post-3-mid.jpg]
[unvab.com/snow-free-html/assets/images/post-4-mid.jpg]
[unvab.com/snow-free-html/assets/images/post-5-mid.jpg]
[unvab.com/snow-free-html/assets/images/post-6-mid.jpg]
[unvab.com/snow-free-html/index.html]
[unvab.com/snow-free-html/assets/fonts/fontawesome-webfont3e6e.eot]
[unvab.com/snow-free-html/assets/fonts/fontawesome-webfontd41d.eot]
[unvab.com/snow-free-html/assets/fonts/fontawesome-webfont3e6e.woff]
[unvab.com/snow-free-html/assets/js/combined.js]
[unvab.com/snow-free-html/assets/fonts/fontawesome-webfont3e6e.ttf]
[unvab.com/snow-free-html/assets/fonts/Pe-icon-7-strokebb1d.eot]
[unvab.com/snow-free-html/assets/fonts/Pe-icon-7-stroked41d.eot]
[unvab.com/snow-free-html/assets/fonts/Pe-icon-7-strokebb1d.woff]
[unvab.com/snow-free-html/assets/fonts/Pe-icon-7-strokebb1d.ttf]
[unvab.com/snow-free-html/assets/css/combined.css]
[www.googletagmanager.com/gtm5445.html]
[unvab.com/snow-free-html/index-2.html]
[unvab.com/snow-free-html/assets/images/logo-light.svg]
[unvab.com/snow-free-html/assets/images/logo.svg]
[unvab.com/snow-free-html/portfolio.html]
[unvab.com/snow-free-html/assets/images/post-2-mid.jpg]
[unvab.com/snow-free-html/assets/images/post-9-mid.jpg]
[unvab.com/snow-free-html/assets/images/post-7-mid.jpg]
[unvab.com/snow-free-html/assets/images/post-8-mid.jpg]
[unvab.com/snow-free-html/blog.html]
[unvab.com/snow-free-html/assets/images/portfolio-4-video-thumb.jpg]
[unvab.com/snow-free-html/portfolio-single.html]
[unvab.com/snow-free-html/assets/images/post-6.jpg]
[unvab.com/snow-free-html/assets/images/avatar-1.jpg]
[unvab.com/snow-free-html/assets/images/avatar-2.jpg]
[unvab.com/snow-free-html/assets/images/avatar-3.jpg]
[unvab.com/snow-free-html/blog-single.html]
[unvab.com/snow-free-html/assets/fonts/fontawesome-webfont3e6e.html]
[unvab.com/snow-free-html/assets/fonts/fontawesome-webfont3e6e.svg]
[unvab.com/snow-free-html/assets/fonts/Pe-icon-7-strokebb1d.svg]
